// Jest Snapshot v1, https://goo.gl/fbAQLP

exports[`HomeScreen Map Match snapshot 1`] = `
<View
  initialRegion={
    Object {
      "latitude": -15.7782081,
      "latitudeDelta": 80,
      "longitude": -47.93371,
      "longitudeDelta": 80,
    }
  }
  mapType="standard"
  onMapReady={[Function]}
  onRegionChange={[Function]}
  onRegionChangeComplete={[Function]}
  provider="google"
  showsMyLocationButton={false}
  showsUserLocation={true}
  style={
    Array [
      Object {
        "flexBasis": "0%",
        "flexGrow": 1,
        "flexShrink": 1,
      },
    ]
  }
  testID="MapView"
>
  <View
    coordinate={
      Object {
        "latitude": -15.788495645386874,
        "longitude": -47.930248975753784,
      }
    }
    onPress={[Function]}
  >
    <View
      style={
        Array [
          Object {
            "borderBottomLeftRadius": 9999,
            "borderBottomRightRadius": 9999,
            "borderTopLeftRadius": 9999,
            "borderTopRightRadius": 9999,
          },
          Object {
            "backgroundColor": "#334155",
          },
          Object {
            "display": "flex",
          },
          Object {
            "alignItems": "center",
          },
          Object {
            "justifyContent": "center",
          },
          Object {
            "height": 30,
            "width": 30,
          },
        ]
      }
    >
      <Text
        style={
          Array [
            Object {
              "color": "#fff",
            },
            Object {
              "textAlign": "center",
            },
            Object {
              "fontWeight": "700",
            },
            Object {
              "fontSize": 20,
              "lineHeight": 28,
            },
          ]
        }
      >
        3
      </Text>
    </View>
  </View>
  <View
    coordinate={
      Object {
        "latitude": -16.40110401623181,
        "longitude": -48.98699219976841,
      }
    }
    onPress={[Function]}
  />
</View>
`;
